O O O O O O O O O O O O B-type O
O O O O O O O B-bookpeople O B-booktime O B-bookday
O O O B-customername I-customername O O O B-customer-phonenumber
O O O O O O O
O O O O
O O O O O B-type O O O O B-area O O O
O O O B-area O O O
O O O B-vaccinebrand
O O O B-bookpeople O O B-bookday O B-booktime O
O O O B-customername I-customername O O O B-customer-phonenumber
O O O O O O O O O O O
O O O O O O O O B-area O O B-type O
O O O O O O O O O O O O O O
O O O O O O O O
O O O O O O O O
O O O O O O B-bookpeople O O B-booktime O O B-bookday
O O O B-customername I-customername O O O B-customer-phonenumber
O O O O O O O O O O
O O O O B-area O O O O O O O B-type O
O O O B-vaccinebrand O O O O O
O O O O B-bookpeople O O B-booktime O O B-bookday
O O O B-customername I-customername O O O B-customer-phonenumber
O O O B-booktime O O B-bookday
O O O O O O O O O O O
O O O O O O O O O O B-type O
O O O O O O O O O O O O O O O
O O O O O O O O O
O O O O
O O O O O O O B-name I-name
O O O O O O O O O O O O O O O
O O B-type O
O O O O B-bookday O B-booktime O
O B-bookpeople O
O O B-customername I-customername O O O B-customer-phonenumber
O O O O O
O O O O O O O O O O O O B-type O
O O O O O O O O O B-booktime O O
O B-vaccinebrand O
O O O B-customername I-customername O O O B-customer-phonenumber
O O O O O O O
O O O O B-type O O O O B-area O O O O O
O O O O O O O
O O O O O O O O O O O O
O O O O O O O O O
O O O O O O O O B-type O O O B-area
O B-name I-name O O O O O O
O O O O O O O
O O O O O O
O O O O O O O O B-area O O B-type O O O O O O O O O O O O O
O O O
O O O O O O B-type O O B-area O
O O O O B-area
O O O O B-vaccinebrand
O O O O O O B-bookpeople O O B-booktime O B-bookday
O O O B-customername I-customername O O O B-customer-phonenumber
O O O O O
O O O O O O B-area O O O O B-type O
O O O O O B-bookpeople O O O O O B-vaccinebrand O B-booktime O B-bookday O O O O O O
O O O B-customername I-customername O O O B-customer-phonenumber
O O O O O O O O O O
O O O O O O O O B-type O O O B-area O O O O O O
O O O B-vaccinebrand O O O O O O O O O O O O O O O O O O O
O O O O O O O O O O
O O O O O O O O B-area O B-type O
O O O O O O O O O O O O O O
O O O O O O B-bookpeople O O B-booktime O O B-bookday
O O O B-customername I-customername O O O B-customer-phonenumber
O O O O O O O
O O O O O O O O O O O B-type O O O O B-area O O
O O B-vaccinebrand O
O O O O O O O O O B-bookpeople O B-bookday O B-booktime
O O O B-customername I-customername O O O B-customer-phonenumber
O O O O O O O B-booktime O O O O O O O O O O O
O O O O O O O O O
O O O O
O O O O O O O O B-type O O O O B-area O O O
O O O B-vaccinebrand
O O O O O
O O O
O O O O B-type O O O B-area O O O O O O O O
O O O O O O O O O O B-area O
O O O O O O O O O O O O O O
O O O O
O O O O O O O O O O O B-name O
O O O O O O O O B-bookpeople O B-booktime O B-bookday O
O O O B-customername I-customername O O O B-customer-phonenumber
O O O O O O O B-type O B-vaccinebrand O O O
O O O O O O O B-area
O O O O O O O O
O O O O
O O O O O O
O O O O O O O O O O O B-name
O O O O O O O O B-bookpeople O O B-bookday O B-booktime
O O O B-customername I-customername O O O B-customer-phonenumber
O O O O O O O O O O O O O O
O O O O O O O
O O O O O
O O O O O B-type O O O O B-area O O O
O O B-area O O O
O O O B-vaccinebrand
O O O B-bookpeople O O B-booktime O O B-bookday
O O O B-customername I-customername O O O B-customer-phonenumber
O O O O O O O O O O O
O O O O O O O O B-name I-name I-name
O O B-bookpeople O B-booktime O B-bookday O O O O O O O O
O O O B-customername I-customername O O O B-customer-phonenumber
O O O O
O O O O O O O O
O O O O O
O O O O O O O B-type O O O O B-area
O O O O B-vaccinebrand O
O O O O O O O O O B-bookday O B-bookpeople O O B-booktime O
O O O B-customername I-customername O O O B-customer-phonenumber
O O O O O
O O O O O O O O O O
O O O B-area O O O O O O O O B-type O
O O O O O O O O
O O O O
O O O O O O O O O O B-area O O O O O B-type O
O O B-vaccinebrand
O O O O O O O B-bookday O O B-bookpeople O
O O B-booktime O O O O O O O O O O O
O O O B-customername I-customername O O O B-customer-phonenumber
O O O
O O O O O O O
O O O O O
O O O O O B-type O O O O B-area O O O O
O O O O O O O B-bookday O B-booktime O O B-bookpeople O
O O O B-customername I-customername O O O B-customer-phonenumber
O O O O O
O O O O O O O O O O O
B-type O
O O O B-type O O O
O O O O B-type O O O O O O O O
O O O O O O O
O O O O O O O O
O O O O O O O O O O B-name I-name
O O O O O O O O B-bookpeople O O B-booktime O B-bookday
O O O B-customername I-customername O O O B-customer-phonenumber
O O O O O O
O O O O O O O O B-area O O B-type O
O O O O O O O O O
O O O O O O O B-bookpeople O O O O O O O
B-bookday O B-booktime O
O O B-customername I-customername O O O B-customer-phonenumber
O O O O O O O O O
O O O O O O B-type O O B-bookpeople O B-bookday O B-booktime
B-area O
O O B-customername I-customername O O O O O B-customer-phonenumber
O O O O O
O O O O O O O B-type O O O B-area O O
B-vaccinebrand O
O O
O O O O O O O O
O O O O O O O
O O O O O O O O O O B-area O O O
O O O O O B-vaccinebrand B-type O O O O O O O O O
O O O O O O O O B-bookpeople O B-bookday O B-booktime O O
O O B-customername I-customername O O O O O B-customer-phonenumber
O O O O O O O O
O O O O O O O O B-area O O O O O B-type O
O O O O O O O O O O O O O O O O O O O
O O O O O O O O O
O O O B-type O O O O O O O O O O O
O O O O O O O O B-area
O O B-area O O O O
O O O O O O O O O
O O O O
O O O O O O B-bookpeople O B-bookday O O
B-booktime O O O O
O O B-customername I-customername O O O O O B-customer-phonenumber
O O O O O O O O O O O
O O B-type O O O B-area O O
O O O O B-bookday B-booktime O B-bookpeople O
O O O O O O O O O O O O O O
O O O O O O O O O O
O O O O O O O O O O O O O O B-name I-name
O O O O O O O B-booktime O B-bookday
O O B-bookpeople O
O O B-customername I-customername O O O O B-customer-phonenumber
O O O O O O
O O O O O O O O B-type O O O B-area O O O
O O
O O O O O O
O O O O O O B-bookday O B-bookpeople O O B-booktime O O O O O O O
O O O B-customername I-customername O O O B-customer-phonenumber
O O O O O O O O O O O
O O O O O O B-type O O B-area O O O
O O O O O O O
O O O O O O
O O O O O O O O
O O O O O O O B-name I-name O O O O O
O O O O O B-bookday
O O O B-bookpeople O O O B-booktime O O O
O O O B-customername I-customername O O O B-customer-phonenumber
O O O O
O O O O O O
O O O O O O B-area O
O O O O O O O B-type O O O O O O O O
O O O O O B-bookpeople O O B-bookday O O B-booktime O O
O O B-customername I-customername O O O B-customer-phonenumber
O O O O O O O O O O O O O
O O O O B-vaccinebrand B-type O B-bookday O B-booktime O O O O O O
B-area O
O O O O O O O O O O O O O O
O O O B-customername I-customername O O O O B-customer-phonenumber
O O O O O O O O O O O O O O O
O O O O O O O O O B-type O O O O O O
O O O B-vaccinebrand O
O O O O B-bookpeople O O B-booktime O O B-bookday
O O B-bookday
O O B-booktime O
B-customername I-customername O B-customer-phonenumber
O O O O O O
O O O O O O O O B-type O O O B-area
O O O O O O O B-area O
O O O O O O O O O
O O O O O O O
O O O O O O O O O O O B-name O
O O O O O B-bookpeople O O B-bookday O B-booktime O
B-customername I-customername O B-customer-phonenumber
O O O O O O O O O O O
O O O O O O O O O O
O O B-type O O O O B-area O O O
O O B-vaccinebrand
O O O O O B-area O
O O O O O O O O O B-vaccinebrand O O O B-area O
O O O O O O O O O O
O O O O O O O O O O O O O
O O O O O O O
O O O O O O O O O O O O B-name I-name O
O O O O O O B-bookday O O O O B-booktime O O O O O O O O B-bookpeople O
O O O B-customername I-customername O O O O B-customer-phonenumber
O O O O
O O O O O O O B-type O
O O O O O O O B-area O O O O B-vaccinebrand
O O O O O O O O O
O O O O O O O O
O O O O
O O O O O O O
O O O O O O O B-type O O O B-area
O O O O O O O O O O B-bookpeople O B-bookday O B-booktime O O O O O O O
O O O B-customername I-customername O O O B-customer-phonenumber
O O O O
O O O O O
O O O O O B-type O O O B-area O O
O O B-vaccinebrand
O O O O O O O O B-bookpeople O B-booktime O B-bookday
O O O B-customername I-customername O O O O B-customer-phonenumber
O O O O O O
O O O O O O O O O O O O O O O O O B-name I-name O
O O O O O O O O O O O O O O O O O O
B-booktime O O B-bookday
O O O O O O B-bookpeople O
B-customername I-customername O O O O O B-customer-phonenumber
O O O O O O O O O O O O
O O O O O O B-type O
O O B-area O
O O B-vaccinebrand
O O O O B-vaccinebrand O O O O O O
O O O O O O O B-bookpeople O O B-bookday O B-booktime
B-customername I-customername O O O O B-customer-phonenumber
O O O
O O O O O O O O O O
O O O O O O O O O O O
O O O O B-type O O O O
O O O O O O B-type O O B-bookday O O B-booktime
O O O O O O O B-vaccinebrand O O O O O O O O O O B-bookpeople O O O O O O O
O O O B-customername I-customername O O O B-customer-phonenumber
O O O O O O O O
O O O O O O O O B-type O O O O O O B-area O O O O O
O O O O O O O B-bookpeople O O B-booktime O O B-bookday
B-customername I-customername O O O O B-customer-phonenumber
O O O O O O O O
O O O B-type O O O B-bookday O B-bookpeople O B-booktime
O O B-vaccinebrand O O B-area O O O O
O O
O O O B-customername I-customername O O O O B-customer-phonenumber O O O O O O
O O O O O O O O O
O O O O O O B-type O O O O O O O O O O O O O
O O O B-name I-name O
O O O O O O O O O
O O O O O O O
O O O O O B-type O O O O
O O O O O O O B-area O
O O O O O O O O O O O O B-area O O O O O O
O O O O O O O O O
O O O O O O B-vaccinebrand B-type O O O O B-area O O O
O O O O
O O O O
O O O O O O O O O B-area O O
O O O O O O O O O O O O
O O O O O O O O
O O O O O
O O O O O O O O O O B-type O
O O O O O B-area O O O
O O B-vaccinebrand O O O O O O O O O B-bookpeople O O B-bookday O B-booktime O
O O O B-customername I-customername O O O O B-customer-phonenumber
O O O O O O
O O O O O O
